ERROR - 2025-11-25 11:49:42 --> mysqli_sql_exception: Duplicate column name 'contact' in D:\Adhit\ngulikk\warung-pweb\Projek_web2\system\Database\MySQLi\Connection.php:327
Stack trace:
#0 D:\Adhit\ngulikk\warung-pweb\Projek_web2\system\Database\MySQLi\Connection.php(327): mysqli->query('ALTER TABLE `br...', 0)
#1 D:\Adhit\ngulikk\warung-pweb\Projek_web2\system\Database\BaseConnection.php(729): CodeIgniter\Database\MySQLi\Connection->execute('ALTER TABLE `br...')
#2 D:\Adhit\ngulikk\warung-pweb\Projek_web2\system\Database\BaseConnection.php(646): CodeIgniter\Database\BaseConnection->simpleQuery('ALTER TABLE `br...')
#3 D:\Adhit\ngulikk\warung-pweb\Projek_web2\system\Database\Forge.php(772): CodeIgniter\Database\BaseConnection->query('ALTER TABLE `br...')
#4 D:\Adhit\ngulikk\warung-pweb\Projek_web2\app\Database\Migrations\2025-11-18-135838_AddPhoneEmailOpeningDateToBranchesTable.php(11): CodeIgniter\Database\Forge->addColumn('branches', Array)
#5 D:\Adhit\ngulikk\warung-pweb\Projek_web2\system\Database\MigrationRunner.php(876): App\Database\Migrations\AddPhoneEmailOpeningDateToBranchesTable->up()
#6 D:\Adhit\ngulikk\warung-pweb\Projek_web2\system\Database\MigrationRunner.php(182): CodeIgniter\Database\MigrationRunner->migrate('up', Object(stdClass))
#7 D:\Adhit\ngulikk\warung-pweb\Projek_web2\system\Commands\Database\Migrate.php(85): CodeIgniter\Database\MigrationRunner->latest(NULL)
#8 D:\Adhit\ngulikk\warung-pweb\Projek_web2\system\CLI\Commands.php(74): CodeIgniter\Commands\Database\Migrate->run(Array)
#9 D:\Adhit\ngulikk\warung-pweb\Projek_web2\system\CLI\Console.php(47): CodeIgniter\CLI\Commands->run('migrate', Array)
#10 D:\Adhit\ngulikk\warung-pweb\Projek_web2\system\Boot.php(388): CodeIgniter\CLI\Console->run()
#11 D:\Adhit\ngulikk\warung-pweb\Projek_web2\system\Boot.php(133): CodeIgniter\Boot::runCommand(Object(CodeIgniter\CLI\Console))
#12 D:\Adhit\ngulikk\warung-pweb\Projek_web2\spark(87): CodeIgniter\Boot::bootSpark(Object(Config\Paths))
#13 {main}
DEBUG - 2025-11-25 11:55:20 --> Session: Class initialized using 'CodeIgniter\Session\Handlers\FileHandler' driver.
INFO - 2025-11-25 11:55:38 --> CSRF token verified.
DEBUG - 2025-11-25 11:55:38 --> Session: Class initialized using 'CodeIgniter\Session\Handlers\FileHandler' driver.
DEBUG - 2025-11-25 11:55:39 --> Session: Class initialized using 'CodeIgniter\Session\Handlers\FileHandler' driver.
INFO - 2025-11-25 11:55:48 --> CSRF token verified.
DEBUG - 2025-11-25 11:55:48 --> Session: Class initialized using 'CodeIgniter\Session\Handlers\FileHandler' driver.
ERROR - 2025-11-25 11:55:48 --> mysqli_sql_exception: Table 'db_warungkita.categories' doesn't exist in D:\Adhit\ngulikk\warung-pweb\Projek_web2\system\Database\MySQLi\Connection.php:327
Stack trace:
#0 D:\Adhit\ngulikk\warung-pweb\Projek_web2\system\Database\MySQLi\Connection.php(327): mysqli->query('SELECT SUM(`tot...', 0)
#1 D:\Adhit\ngulikk\warung-pweb\Projek_web2\system\Database\BaseConnection.php(729): CodeIgniter\Database\MySQLi\Connection->execute('SELECT SUM(`tot...')
#2 D:\Adhit\ngulikk\warung-pweb\Projek_web2\system\Database\BaseConnection.php(646): CodeIgniter\Database\BaseConnection->simpleQuery('SELECT SUM(`tot...')
#3 D:\Adhit\ngulikk\warung-pweb\Projek_web2\system\Database\BaseBuilder.php(1649): CodeIgniter\Database\BaseConnection->query('SELECT SUM(`tot...', Array, false)
#4 D:\Adhit\ngulikk\warung-pweb\Projek_web2\system\Model.php(330): CodeIgniter\Database\BaseBuilder->get()
#5 D:\Adhit\ngulikk\warung-pweb\Projek_web2\system\BaseModel.php(715): CodeIgniter\Model->doFirst()
#6 D:\Adhit\ngulikk\warung-pweb\Projek_web2\app\Controllers\SuperAdmin\Dashboard.php(21): CodeIgniter\BaseModel->first()
#7 D:\Adhit\ngulikk\warung-pweb\Projek_web2\system\CodeIgniter.php(933): App\Controllers\SuperAdmin\Dashboard->index()
#8 D:\Adhit\ngulikk\warung-pweb\Projek_web2\system\CodeIgniter.php(507): CodeIgniter\CodeIgniter->runController(Object(App\Controllers\SuperAdmin\Dashboard))
#9 D:\Adhit\ngulikk\warung-pweb\Projek_web2\system\CodeIgniter.php(354): CodeIgniter\CodeIgniter->handleRequest(NULL, Object(Config\Cache), false)
#10 D:\Adhit\ngulikk\warung-pweb\Projek_web2\system\Boot.php(363): CodeIgniter\CodeIgniter->run()
#11 D:\Adhit\ngulikk\warung-pweb\Projek_web2\system\Boot.php(68): CodeIgniter\Boot::runCodeIgniter(Object(CodeIgniter\CodeIgniter))
#12 D:\Adhit\ngulikk\warung-pweb\Projek_web2\public\index.php(59): CodeIgniter\Boot::bootWeb(Object(Config\Paths))
#13 D:\Adhit\ngulikk\warung-pweb\Projek_web2\system\rewrite.php(44): require_once('D:\\Adhit\\ngulik...')
#14 {main}
CRITICAL - 2025-11-25 11:55:48 --> CodeIgniter\Database\Exceptions\DatabaseException: Table 'db_warungkita.categories' doesn't exist
[Method: GET, Route: superadmin/dashboard]
in SYSTEMPATH\Database\BaseConnection.php on line 684.
 1 SYSTEMPATH\Database\BaseBuilder.php(1649): CodeIgniter\Database\BaseConnection->query('SELECT SUM(`total_stock`) AS `total_stock`
FROM `categories`
WHERE `status` = :status:
 LIMIT 1', [...], false)
 2 SYSTEMPATH\Model.php(330): CodeIgniter\Database\BaseBuilder->get()
 3 SYSTEMPATH\BaseModel.php(715): CodeIgniter\Model->doFirst()
 4 APPPATH\Controllers\SuperAdmin\Dashboard.php(21): CodeIgniter\BaseModel->first()
 5 SYSTEMPATH\CodeIgniter.php(933): App\Controllers\SuperAdmin\Dashboard->index()
 6 SYSTEMPATH\CodeIgniter.php(507): CodeIgniter\CodeIgniter->runController(Object(App\Controllers\SuperAdmin\Dashboard))
 7 SYSTEMPATH\CodeIgniter.php(354): CodeIgniter\CodeIgniter->handleRequest(null, Object(Config\Cache), false)
 8 SYSTEMPATH\Boot.php(363): CodeIgniter\CodeIgniter->run()
 9 SYSTEMPATH\Boot.php(68): CodeIgniter\Boot::runCodeIgniter(Object(CodeIgniter\CodeIgniter))
10 FCPATH\index.php(59): CodeIgniter\Boot::bootWeb(Object(Config\Paths))
11 SYSTEMPATH\rewrite.php(44): require_once('D:\\Adhit\\ngulikk\\warung-pweb\\Projek_web2\\public\\index.php')
CRITICAL - 2025-11-25 11:55:48 --> [Caused by] CodeIgniter\Database\Exceptions\DatabaseException: Table 'db_warungkita.categories' doesn't exist
in SYSTEMPATH\Database\MySQLi\Connection.php on line 332.
 1 SYSTEMPATH\Database\BaseConnection.php(729): CodeIgniter\Database\MySQLi\Connection->execute('SELECT SUM(`total_stock`) AS `total_stock`
FROM `categories`
WHERE `status` = \'aktif\'
 LIMIT 1')
 2 SYSTEMPATH\Database\BaseConnection.php(646): CodeIgniter\Database\BaseConnection->simpleQuery('SELECT SUM(`total_stock`) AS `total_stock`
FROM `categories`
WHERE `status` = \'aktif\'
 LIMIT 1')
 3 SYSTEMPATH\Database\BaseBuilder.php(1649): CodeIgniter\Database\BaseConnection->query('SELECT SUM(`total_stock`) AS `total_stock`
FROM `categories`
WHERE `status` = :status:
 LIMIT 1', [...], false)
 4 SYSTEMPATH\Model.php(330): CodeIgniter\Database\BaseBuilder->get()
 5 SYSTEMPATH\BaseModel.php(715): CodeIgniter\Model->doFirst()
 6 APPPATH\Controllers\SuperAdmin\Dashboard.php(21): CodeIgniter\BaseModel->first()
 7 SYSTEMPATH\CodeIgniter.php(933): App\Controllers\SuperAdmin\Dashboard->index()
 8 SYSTEMPATH\CodeIgniter.php(507): CodeIgniter\CodeIgniter->runController(Object(App\Controllers\SuperAdmin\Dashboard))
 9 SYSTEMPATH\CodeIgniter.php(354): CodeIgniter\CodeIgniter->handleRequest(null, Object(Config\Cache), false)
10 SYSTEMPATH\Boot.php(363): CodeIgniter\CodeIgniter->run()
11 SYSTEMPATH\Boot.php(68): CodeIgniter\Boot::runCodeIgniter(Object(CodeIgniter\CodeIgniter))
12 FCPATH\index.php(59): CodeIgniter\Boot::bootWeb(Object(Config\Paths))
13 SYSTEMPATH\rewrite.php(44): require_once('D:\\Adhit\\ngulikk\\warung-pweb\\Projek_web2\\public\\index.php')
CRITICAL - 2025-11-25 11:55:48 --> [Caused by] mysqli_sql_exception: Table 'db_warungkita.categories' doesn't exist
in SYSTEMPATH\Database\MySQLi\Connection.php on line 327.
 1 SYSTEMPATH\Database\MySQLi\Connection.php(327): mysqli->query('SELECT SUM(`total_stock`) AS `total_stock`
FROM `categories`
WHERE `status` = \'aktif\'
 LIMIT 1', 0)
 2 SYSTEMPATH\Database\BaseConnection.php(729): CodeIgniter\Database\MySQLi\Connection->execute('SELECT SUM(`total_stock`) AS `total_stock`
FROM `categories`
WHERE `status` = \'aktif\'
 LIMIT 1')
 3 SYSTEMPATH\Database\BaseConnection.php(646): CodeIgniter\Database\BaseConnection->simpleQuery('SELECT SUM(`total_stock`) AS `total_stock`
FROM `categories`
WHERE `status` = \'aktif\'
 LIMIT 1')
 4 SYSTEMPATH\Database\BaseBuilder.php(1649): CodeIgniter\Database\BaseConnection->query('SELECT SUM(`total_stock`) AS `total_stock`
FROM `categories`
WHERE `status` = :status:
 LIMIT 1', [...], false)
 5 SYSTEMPATH\Model.php(330): CodeIgniter\Database\BaseBuilder->get()
 6 SYSTEMPATH\BaseModel.php(715): CodeIgniter\Model->doFirst()
 7 APPPATH\Controllers\SuperAdmin\Dashboard.php(21): CodeIgniter\BaseModel->first()
 8 SYSTEMPATH\CodeIgniter.php(933): App\Controllers\SuperAdmin\Dashboard->index()
 9 SYSTEMPATH\CodeIgniter.php(507): CodeIgniter\CodeIgniter->runController(Object(App\Controllers\SuperAdmin\Dashboard))
10 SYSTEMPATH\CodeIgniter.php(354): CodeIgniter\CodeIgniter->handleRequest(null, Object(Config\Cache), false)
11 SYSTEMPATH\Boot.php(363): CodeIgniter\CodeIgniter->run()
12 SYSTEMPATH\Boot.php(68): CodeIgniter\Boot::runCodeIgniter(Object(CodeIgniter\CodeIgniter))
13 FCPATH\index.php(59): CodeIgniter\Boot::bootWeb(Object(Config\Paths))
14 SYSTEMPATH\rewrite.php(44): require_once('D:\\Adhit\\ngulikk\\warung-pweb\\Projek_web2\\public\\index.php')
ERROR - 2025-11-25 11:56:23 --> mysqli_sql_exception: Duplicate column name 'contact' in D:\Adhit\ngulikk\warung-pweb\Projek_web2\system\Database\MySQLi\Connection.php:327
Stack trace:
#0 D:\Adhit\ngulikk\warung-pweb\Projek_web2\system\Database\MySQLi\Connection.php(327): mysqli->query('ALTER TABLE `br...', 0)
#1 D:\Adhit\ngulikk\warung-pweb\Projek_web2\system\Database\BaseConnection.php(729): CodeIgniter\Database\MySQLi\Connection->execute('ALTER TABLE `br...')
#2 D:\Adhit\ngulikk\warung-pweb\Projek_web2\system\Database\BaseConnection.php(646): CodeIgniter\Database\BaseConnection->simpleQuery('ALTER TABLE `br...')
#3 D:\Adhit\ngulikk\warung-pweb\Projek_web2\system\Database\Forge.php(772): CodeIgniter\Database\BaseConnection->query('ALTER TABLE `br...')
#4 D:\Adhit\ngulikk\warung-pweb\Projek_web2\app\Database\Migrations\2025-11-18-135838_AddPhoneEmailOpeningDateToBranchesTable.php(11): CodeIgniter\Database\Forge->addColumn('branches', Array)
#5 D:\Adhit\ngulikk\warung-pweb\Projek_web2\system\Database\MigrationRunner.php(876): App\Database\Migrations\AddPhoneEmailOpeningDateToBranchesTable->up()
#6 D:\Adhit\ngulikk\warung-pweb\Projek_web2\system\Database\MigrationRunner.php(182): CodeIgniter\Database\MigrationRunner->migrate('up', Object(stdClass))
#7 D:\Adhit\ngulikk\warung-pweb\Projek_web2\system\Commands\Database\Migrate.php(85): CodeIgniter\Database\MigrationRunner->latest(NULL)
#8 D:\Adhit\ngulikk\warung-pweb\Projek_web2\system\CLI\Commands.php(74): CodeIgniter\Commands\Database\Migrate->run(Array)
#9 D:\Adhit\ngulikk\warung-pweb\Projek_web2\system\CLI\Console.php(47): CodeIgniter\CLI\Commands->run('migrate', Array)
#10 D:\Adhit\ngulikk\warung-pweb\Projek_web2\system\Boot.php(388): CodeIgniter\CLI\Console->run()
#11 D:\Adhit\ngulikk\warung-pweb\Projek_web2\system\Boot.php(133): CodeIgniter\Boot::runCommand(Object(CodeIgniter\CLI\Console))
#12 D:\Adhit\ngulikk\warung-pweb\Projek_web2\spark(87): CodeIgniter\Boot::bootSpark(Object(Config\Paths))
#13 {main}
ERROR - 2025-11-25 11:57:04 --> mysqli_sql_exception: Duplicate column name 'contact' in D:\Adhit\ngulikk\warung-pweb\Projek_web2\system\Database\MySQLi\Connection.php:327
Stack trace:
#0 D:\Adhit\ngulikk\warung-pweb\Projek_web2\system\Database\MySQLi\Connection.php(327): mysqli->query('ALTER TABLE `br...', 0)
#1 D:\Adhit\ngulikk\warung-pweb\Projek_web2\system\Database\BaseConnection.php(729): CodeIgniter\Database\MySQLi\Connection->execute('ALTER TABLE `br...')
#2 D:\Adhit\ngulikk\warung-pweb\Projek_web2\system\Database\BaseConnection.php(646): CodeIgniter\Database\BaseConnection->simpleQuery('ALTER TABLE `br...')
#3 D:\Adhit\ngulikk\warung-pweb\Projek_web2\system\Database\Forge.php(772): CodeIgniter\Database\BaseConnection->query('ALTER TABLE `br...')
#4 D:\Adhit\ngulikk\warung-pweb\Projek_web2\app\Database\Migrations\2025-11-18-135838_AddPhoneEmailOpeningDateToBranchesTable.php(11): CodeIgniter\Database\Forge->addColumn('branches', Array)
#5 D:\Adhit\ngulikk\warung-pweb\Projek_web2\system\Database\MigrationRunner.php(876): App\Database\Migrations\AddPhoneEmailOpeningDateToBranchesTable->up()
#6 D:\Adhit\ngulikk\warung-pweb\Projek_web2\system\Database\MigrationRunner.php(182): CodeIgniter\Database\MigrationRunner->migrate('up', Object(stdClass))
#7 D:\Adhit\ngulikk\warung-pweb\Projek_web2\system\Commands\Database\Migrate.php(85): CodeIgniter\Database\MigrationRunner->latest(NULL)
#8 D:\Adhit\ngulikk\warung-pweb\Projek_web2\system\CLI\Commands.php(74): CodeIgniter\Commands\Database\Migrate->run(Array)
#9 D:\Adhit\ngulikk\warung-pweb\Projek_web2\system\CLI\Console.php(47): CodeIgniter\CLI\Commands->run('migrate', Array)
#10 D:\Adhit\ngulikk\warung-pweb\Projek_web2\system\Boot.php(388): CodeIgniter\CLI\Console->run()
#11 D:\Adhit\ngulikk\warung-pweb\Projek_web2\system\Boot.php(133): CodeIgniter\Boot::runCommand(Object(CodeIgniter\CLI\Console))
#12 D:\Adhit\ngulikk\warung-pweb\Projek_web2\spark(87): CodeIgniter\Boot::bootSpark(Object(Config\Paths))
#13 {main}
ERROR - 2025-11-25 12:00:14 --> mysqli_sql_exception: Table 'db_warungkita.categories' doesn't exist in D:\Adhit\ngulikk\warung-pweb\Projek_web2\system\Database\MySQLi\Connection.php:327
Stack trace:
#0 D:\Adhit\ngulikk\warung-pweb\Projek_web2\system\Database\MySQLi\Connection.php(327): mysqli->query('SELECT SUM(`tot...', 0)
#1 D:\Adhit\ngulikk\warung-pweb\Projek_web2\system\Database\BaseConnection.php(729): CodeIgniter\Database\MySQLi\Connection->execute('SELECT SUM(`tot...')
#2 D:\Adhit\ngulikk\warung-pweb\Projek_web2\system\Database\BaseConnection.php(646): CodeIgniter\Database\BaseConnection->simpleQuery('SELECT SUM(`tot...')
#3 D:\Adhit\ngulikk\warung-pweb\Projek_web2\system\Database\BaseBuilder.php(1649): CodeIgniter\Database\BaseConnection->query('SELECT SUM(`tot...', Array, false)
#4 D:\Adhit\ngulikk\warung-pweb\Projek_web2\system\Model.php(330): CodeIgniter\Database\BaseBuilder->get()
#5 D:\Adhit\ngulikk\warung-pweb\Projek_web2\system\BaseModel.php(715): CodeIgniter\Model->doFirst()
#6 D:\Adhit\ngulikk\warung-pweb\Projek_web2\app\Controllers\SuperAdmin\Dashboard.php(21): CodeIgniter\BaseModel->first()
#7 D:\Adhit\ngulikk\warung-pweb\Projek_web2\system\CodeIgniter.php(933): App\Controllers\SuperAdmin\Dashboard->index()
#8 D:\Adhit\ngulikk\warung-pweb\Projek_web2\system\CodeIgniter.php(507): CodeIgniter\CodeIgniter->runController(Object(App\Controllers\SuperAdmin\Dashboard))
#9 D:\Adhit\ngulikk\warung-pweb\Projek_web2\system\CodeIgniter.php(354): CodeIgniter\CodeIgniter->handleRequest(NULL, Object(Config\Cache), false)
#10 D:\Adhit\ngulikk\warung-pweb\Projek_web2\system\Boot.php(363): CodeIgniter\CodeIgniter->run()
#11 D:\Adhit\ngulikk\warung-pweb\Projek_web2\system\Boot.php(68): CodeIgniter\Boot::runCodeIgniter(Object(CodeIgniter\CodeIgniter))
#12 D:\Adhit\ngulikk\warung-pweb\Projek_web2\public\index.php(59): CodeIgniter\Boot::bootWeb(Object(Config\Paths))
#13 D:\Adhit\ngulikk\warung-pweb\Projek_web2\system\rewrite.php(44): require_once('D:\\Adhit\\ngulik...')
#14 {main}
CRITICAL - 2025-11-25 12:00:14 --> CodeIgniter\Database\Exceptions\DatabaseException: Table 'db_warungkita.categories' doesn't exist
[Method: GET, Route: superadmin/dashboard]
in SYSTEMPATH\Database\BaseConnection.php on line 684.
 1 SYSTEMPATH\Database\BaseBuilder.php(1649): CodeIgniter\Database\BaseConnection->query('SELECT SUM(`total_stock`) AS `total_stock`
FROM `categories`
WHERE `status` = :status:
 LIMIT 1', [...], false)
 2 SYSTEMPATH\Model.php(330): CodeIgniter\Database\BaseBuilder->get()
 3 SYSTEMPATH\BaseModel.php(715): CodeIgniter\Model->doFirst()
 4 APPPATH\Controllers\SuperAdmin\Dashboard.php(21): CodeIgniter\BaseModel->first()
 5 SYSTEMPATH\CodeIgniter.php(933): App\Controllers\SuperAdmin\Dashboard->index()
 6 SYSTEMPATH\CodeIgniter.php(507): CodeIgniter\CodeIgniter->runController(Object(App\Controllers\SuperAdmin\Dashboard))
 7 SYSTEMPATH\CodeIgniter.php(354): CodeIgniter\CodeIgniter->handleRequest(null, Object(Config\Cache), false)
 8 SYSTEMPATH\Boot.php(363): CodeIgniter\CodeIgniter->run()
 9 SYSTEMPATH\Boot.php(68): CodeIgniter\Boot::runCodeIgniter(Object(CodeIgniter\CodeIgniter))
10 FCPATH\index.php(59): CodeIgniter\Boot::bootWeb(Object(Config\Paths))
11 SYSTEMPATH\rewrite.php(44): require_once('D:\\Adhit\\ngulikk\\warung-pweb\\Projek_web2\\public\\index.php')
CRITICAL - 2025-11-25 12:00:14 --> [Caused by] CodeIgniter\Database\Exceptions\DatabaseException: Table 'db_warungkita.categories' doesn't exist
in SYSTEMPATH\Database\MySQLi\Connection.php on line 332.
 1 SYSTEMPATH\Database\BaseConnection.php(729): CodeIgniter\Database\MySQLi\Connection->execute('SELECT SUM(`total_stock`) AS `total_stock`
FROM `categories`
WHERE `status` = \'aktif\'
 LIMIT 1')
 2 SYSTEMPATH\Database\BaseConnection.php(646): CodeIgniter\Database\BaseConnection->simpleQuery('SELECT SUM(`total_stock`) AS `total_stock`
FROM `categories`
WHERE `status` = \'aktif\'
 LIMIT 1')
 3 SYSTEMPATH\Database\BaseBuilder.php(1649): CodeIgniter\Database\BaseConnection->query('SELECT SUM(`total_stock`) AS `total_stock`
FROM `categories`
WHERE `status` = :status:
 LIMIT 1', [...], false)
 4 SYSTEMPATH\Model.php(330): CodeIgniter\Database\BaseBuilder->get()
 5 SYSTEMPATH\BaseModel.php(715): CodeIgniter\Model->doFirst()
 6 APPPATH\Controllers\SuperAdmin\Dashboard.php(21): CodeIgniter\BaseModel->first()
 7 SYSTEMPATH\CodeIgniter.php(933): App\Controllers\SuperAdmin\Dashboard->index()
 8 SYSTEMPATH\CodeIgniter.php(507): CodeIgniter\CodeIgniter->runController(Object(App\Controllers\SuperAdmin\Dashboard))
 9 SYSTEMPATH\CodeIgniter.php(354): CodeIgniter\CodeIgniter->handleRequest(null, Object(Config\Cache), false)
10 SYSTEMPATH\Boot.php(363): CodeIgniter\CodeIgniter->run()
11 SYSTEMPATH\Boot.php(68): CodeIgniter\Boot::runCodeIgniter(Object(CodeIgniter\CodeIgniter))
12 FCPATH\index.php(59): CodeIgniter\Boot::bootWeb(Object(Config\Paths))
13 SYSTEMPATH\rewrite.php(44): require_once('D:\\Adhit\\ngulikk\\warung-pweb\\Projek_web2\\public\\index.php')
CRITICAL - 2025-11-25 12:00:14 --> [Caused by] mysqli_sql_exception: Table 'db_warungkita.categories' doesn't exist
in SYSTEMPATH\Database\MySQLi\Connection.php on line 327.
 1 SYSTEMPATH\Database\MySQLi\Connection.php(327): mysqli->query('SELECT SUM(`total_stock`) AS `total_stock`
FROM `categories`
WHERE `status` = \'aktif\'
 LIMIT 1', 0)
 2 SYSTEMPATH\Database\BaseConnection.php(729): CodeIgniter\Database\MySQLi\Connection->execute('SELECT SUM(`total_stock`) AS `total_stock`
FROM `categories`
WHERE `status` = \'aktif\'
 LIMIT 1')
 3 SYSTEMPATH\Database\BaseConnection.php(646): CodeIgniter\Database\BaseConnection->simpleQuery('SELECT SUM(`total_stock`) AS `total_stock`
FROM `categories`
WHERE `status` = \'aktif\'
 LIMIT 1')
 4 SYSTEMPATH\Database\BaseBuilder.php(1649): CodeIgniter\Database\BaseConnection->query('SELECT SUM(`total_stock`) AS `total_stock`
FROM `categories`
WHERE `status` = :status:
 LIMIT 1', [...], false)
 5 SYSTEMPATH\Model.php(330): CodeIgniter\Database\BaseBuilder->get()
 6 SYSTEMPATH\BaseModel.php(715): CodeIgniter\Model->doFirst()
 7 APPPATH\Controllers\SuperAdmin\Dashboard.php(21): CodeIgniter\BaseModel->first()
 8 SYSTEMPATH\CodeIgniter.php(933): App\Controllers\SuperAdmin\Dashboard->index()
 9 SYSTEMPATH\CodeIgniter.php(507): CodeIgniter\CodeIgniter->runController(Object(App\Controllers\SuperAdmin\Dashboard))
10 SYSTEMPATH\CodeIgniter.php(354): CodeIgniter\CodeIgniter->handleRequest(null, Object(Config\Cache), false)
11 SYSTEMPATH\Boot.php(363): CodeIgniter\CodeIgniter->run()
12 SYSTEMPATH\Boot.php(68): CodeIgniter\Boot::runCodeIgniter(Object(CodeIgniter\CodeIgniter))
13 FCPATH\index.php(59): CodeIgniter\Boot::bootWeb(Object(Config\Paths))
14 SYSTEMPATH\rewrite.php(44): require_once('D:\\Adhit\\ngulikk\\warung-pweb\\Projek_web2\\public\\index.php')
ERROR - 2025-11-25 12:00:25 --> mysqli_sql_exception: Duplicate column name 'contact' in D:\Adhit\ngulikk\warung-pweb\Projek_web2\system\Database\MySQLi\Connection.php:327
Stack trace:
#0 D:\Adhit\ngulikk\warung-pweb\Projek_web2\system\Database\MySQLi\Connection.php(327): mysqli->query('ALTER TABLE `br...', 0)
#1 D:\Adhit\ngulikk\warung-pweb\Projek_web2\system\Database\BaseConnection.php(729): CodeIgniter\Database\MySQLi\Connection->execute('ALTER TABLE `br...')
#2 D:\Adhit\ngulikk\warung-pweb\Projek_web2\system\Database\BaseConnection.php(646): CodeIgniter\Database\BaseConnection->simpleQuery('ALTER TABLE `br...')
#3 D:\Adhit\ngulikk\warung-pweb\Projek_web2\system\Database\Forge.php(772): CodeIgniter\Database\BaseConnection->query('ALTER TABLE `br...')
#4 D:\Adhit\ngulikk\warung-pweb\Projek_web2\app\Database\Migrations\2025-11-18-135838_AddPhoneEmailOpeningDateToBranchesTable.php(11): CodeIgniter\Database\Forge->addColumn('branches', Array)
#5 D:\Adhit\ngulikk\warung-pweb\Projek_web2\system\Database\MigrationRunner.php(876): App\Database\Migrations\AddPhoneEmailOpeningDateToBranchesTable->up()
#6 D:\Adhit\ngulikk\warung-pweb\Projek_web2\system\Database\MigrationRunner.php(182): CodeIgniter\Database\MigrationRunner->migrate('up', Object(stdClass))
#7 D:\Adhit\ngulikk\warung-pweb\Projek_web2\system\Commands\Database\Migrate.php(85): CodeIgniter\Database\MigrationRunner->latest(NULL)
#8 D:\Adhit\ngulikk\warung-pweb\Projek_web2\system\CLI\Commands.php(74): CodeIgniter\Commands\Database\Migrate->run(Array)
#9 D:\Adhit\ngulikk\warung-pweb\Projek_web2\system\CLI\Console.php(47): CodeIgniter\CLI\Commands->run('migrate', Array)
#10 D:\Adhit\ngulikk\warung-pweb\Projek_web2\system\Boot.php(388): CodeIgniter\CLI\Console->run()
#11 D:\Adhit\ngulikk\warung-pweb\Projek_web2\system\Boot.php(133): CodeIgniter\Boot::runCommand(Object(CodeIgniter\CLI\Console))
#12 D:\Adhit\ngulikk\warung-pweb\Projek_web2\spark(87): CodeIgniter\Boot::bootSpark(Object(Config\Paths))
#13 {main}
ERROR - 2025-11-25 12:17:44 --> mysqli_sql_exception: Duplicate column name 'contact' in D:\Adhit\ngulikk\warung-pweb\Projek_web2\system\Database\MySQLi\Connection.php:327
Stack trace:
#0 D:\Adhit\ngulikk\warung-pweb\Projek_web2\system\Database\MySQLi\Connection.php(327): mysqli->query('ALTER TABLE `br...', 0)
#1 D:\Adhit\ngulikk\warung-pweb\Projek_web2\system\Database\BaseConnection.php(729): CodeIgniter\Database\MySQLi\Connection->execute('ALTER TABLE `br...')
#2 D:\Adhit\ngulikk\warung-pweb\Projek_web2\system\Database\BaseConnection.php(646): CodeIgniter\Database\BaseConnection->simpleQuery('ALTER TABLE `br...')
#3 D:\Adhit\ngulikk\warung-pweb\Projek_web2\system\Database\Forge.php(772): CodeIgniter\Database\BaseConnection->query('ALTER TABLE `br...')
#4 D:\Adhit\ngulikk\warung-pweb\Projek_web2\app\Database\Migrations\2025-11-18-135838_AddPhoneEmailOpeningDateToBranchesTable.php(11): CodeIgniter\Database\Forge->addColumn('branches', Array)
#5 D:\Adhit\ngulikk\warung-pweb\Projek_web2\system\Database\MigrationRunner.php(876): App\Database\Migrations\AddPhoneEmailOpeningDateToBranchesTable->up()
#6 D:\Adhit\ngulikk\warung-pweb\Projek_web2\system\Database\MigrationRunner.php(182): CodeIgniter\Database\MigrationRunner->migrate('up', Object(stdClass))
#7 D:\Adhit\ngulikk\warung-pweb\Projek_web2\system\Commands\Database\Migrate.php(85): CodeIgniter\Database\MigrationRunner->latest(NULL)
#8 D:\Adhit\ngulikk\warung-pweb\Projek_web2\system\CLI\Commands.php(74): CodeIgniter\Commands\Database\Migrate->run(Array)
#9 D:\Adhit\ngulikk\warung-pweb\Projek_web2\system\CLI\Console.php(47): CodeIgniter\CLI\Commands->run('migrate', Array)
#10 D:\Adhit\ngulikk\warung-pweb\Projek_web2\system\Boot.php(388): CodeIgniter\CLI\Console->run()
#11 D:\Adhit\ngulikk\warung-pweb\Projek_web2\system\Boot.php(133): CodeIgniter\Boot::runCommand(Object(CodeIgniter\CLI\Console))
#12 D:\Adhit\ngulikk\warung-pweb\Projek_web2\spark(87): CodeIgniter\Boot::bootSpark(Object(Config\Paths))
#13 {main}
ERROR - 2025-11-25 12:18:33 --> mysqli_sql_exception: Duplicate column name 'description' in D:\Adhit\ngulikk\warung-pweb\Projek_web2\system\Database\MySQLi\Connection.php:327
Stack trace:
#0 D:\Adhit\ngulikk\warung-pweb\Projek_web2\system\Database\MySQLi\Connection.php(327): mysqli->query('ALTER TABLE `ca...', 0)
#1 D:\Adhit\ngulikk\warung-pweb\Projek_web2\system\Database\BaseConnection.php(729): CodeIgniter\Database\MySQLi\Connection->execute('ALTER TABLE `ca...')
#2 D:\Adhit\ngulikk\warung-pweb\Projek_web2\system\Database\BaseConnection.php(646): CodeIgniter\Database\BaseConnection->simpleQuery('ALTER TABLE `ca...')
#3 D:\Adhit\ngulikk\warung-pweb\Projek_web2\system\Database\Forge.php(772): CodeIgniter\Database\BaseConnection->query('ALTER TABLE `ca...')
#4 D:\Adhit\ngulikk\warung-pweb\Projek_web2\app\Database\Migrations\2025-11-23-094500_AddDescriptionToCategoriesTable.php(18): CodeIgniter\Database\Forge->addColumn('categories', Array)
#5 D:\Adhit\ngulikk\warung-pweb\Projek_web2\system\Database\MigrationRunner.php(876): App\Database\Migrations\AddDescriptionToCategoriesTable->up()
#6 D:\Adhit\ngulikk\warung-pweb\Projek_web2\system\Database\MigrationRunner.php(182): CodeIgniter\Database\MigrationRunner->migrate('up', Object(stdClass))
#7 D:\Adhit\ngulikk\warung-pweb\Projek_web2\system\Commands\Database\Migrate.php(85): CodeIgniter\Database\MigrationRunner->latest(NULL)
#8 D:\Adhit\ngulikk\warung-pweb\Projek_web2\system\CLI\Commands.php(74): CodeIgniter\Commands\Database\Migrate->run(Array)
#9 D:\Adhit\ngulikk\warung-pweb\Projek_web2\system\CLI\Console.php(47): CodeIgniter\CLI\Commands->run('migrate', Array)
#10 D:\Adhit\ngulikk\warung-pweb\Projek_web2\system\Boot.php(388): CodeIgniter\CLI\Console->run()
#11 D:\Adhit\ngulikk\warung-pweb\Projek_web2\system\Boot.php(133): CodeIgniter\Boot::runCommand(Object(CodeIgniter\CLI\Console))
#12 D:\Adhit\ngulikk\warung-pweb\Projek_web2\spark(87): CodeIgniter\Boot::bootSpark(Object(Config\Paths))
#13 {main}
DEBUG - 2025-11-25 12:19:55 --> Session: Class initialized using 'CodeIgniter\Session\Handlers\FileHandler' driver.
DEBUG - 2025-11-25 12:20:05 --> Session: Class initialized using 'CodeIgniter\Session\Handlers\FileHandler' driver.
DEBUG - 2025-11-25 12:20:10 --> Session: Class initialized using 'CodeIgniter\Session\Handlers\FileHandler' driver.
DEBUG - 2025-11-25 12:20:18 --> Session: Class initialized using 'CodeIgniter\Session\Handlers\FileHandler' driver.
DEBUG - 2025-11-25 12:20:24 --> Session: Class initialized using 'CodeIgniter\Session\Handlers\FileHandler' driver.
DEBUG - 2025-11-25 12:20:31 --> Session: Class initialized using 'CodeIgniter\Session\Handlers\FileHandler' driver.
DEBUG - 2025-11-25 12:20:34 --> Session: Class initialized using 'CodeIgniter\Session\Handlers\FileHandler' driver.
DEBUG - 2025-11-25 12:20:44 --> Session: Class initialized using 'CodeIgniter\Session\Handlers\FileHandler' driver.
INFO - 2025-11-25 12:21:03 --> CSRF token verified.
DEBUG - 2025-11-25 12:21:03 --> Session: Class initialized using 'CodeIgniter\Session\Handlers\FileHandler' driver.
DEBUG - 2025-11-25 12:21:05 --> Session: Class initialized using 'CodeIgniter\Session\Handlers\FileHandler' driver.
DEBUG - 2025-11-25 12:21:05 --> Session: Class initialized using 'CodeIgniter\Session\Handlers\FileHandler' driver.
DEBUG - 2025-11-25 12:21:06 --> Session: Class initialized using 'CodeIgniter\Session\Handlers\FileHandler' driver.
DEBUG - 2025-11-25 12:21:06 --> Session: Class initialized using 'CodeIgniter\Session\Handlers\FileHandler' driver.
DEBUG - 2025-11-25 12:21:06 --> Session: Class initialized using 'CodeIgniter\Session\Handlers\FileHandler' driver.
DEBUG - 2025-11-25 12:21:06 --> Session: Class initialized using 'CodeIgniter\Session\Handlers\FileHandler' driver.
DEBUG - 2025-11-25 12:21:06 --> Session: Class initialized using 'CodeIgniter\Session\Handlers\FileHandler' driver.
DEBUG - 2025-11-25 12:21:07 --> Session: Class initialized using 'CodeIgniter\Session\Handlers\FileHandler' driver.
DEBUG - 2025-11-25 12:21:07 --> Session: Class initialized using 'CodeIgniter\Session\Handlers\FileHandler' driver.
DEBUG - 2025-11-25 12:21:07 --> Session: Class initialized using 'CodeIgniter\Session\Handlers\FileHandler' driver.
DEBUG - 2025-11-25 12:21:07 --> Session: Class initialized using 'CodeIgniter\Session\Handlers\FileHandler' driver.
DEBUG - 2025-11-25 12:21:08 --> Session: Class initialized using 'CodeIgniter\Session\Handlers\FileHandler' driver.
DEBUG - 2025-11-25 12:21:08 --> Session: Class initialized using 'CodeIgniter\Session\Handlers\FileHandler' driver.
DEBUG - 2025-11-25 12:21:08 --> Session: Class initialized using 'CodeIgniter\Session\Handlers\FileHandler' driver.
DEBUG - 2025-11-25 12:21:08 --> Session: Class initialized using 'CodeIgniter\Session\Handlers\FileHandler' driver.
DEBUG - 2025-11-25 12:21:09 --> Session: Class initialized using 'CodeIgniter\Session\Handlers\FileHandler' driver.
DEBUG - 2025-11-25 12:21:09 --> Session: Class initialized using 'CodeIgniter\Session\Handlers\FileHandler' driver.
INFO - 2025-11-25 12:21:09 --> CSRF token verified.
DEBUG - 2025-11-25 12:21:09 --> Session: Class initialized using 'CodeIgniter\Session\Handlers\FileHandler' driver.
DEBUG - 2025-11-25 12:21:10 --> Session: Class initialized using 'CodeIgniter\Session\Handlers\FileHandler' driver.
DEBUG - 2025-11-25 12:21:10 --> Session: Class initialized using 'CodeIgniter\Session\Handlers\FileHandler' driver.
DEBUG - 2025-11-25 12:21:10 --> Session: Class initialized using 'CodeIgniter\Session\Handlers\FileHandler' driver.
DEBUG - 2025-11-25 12:21:10 --> Session: Class initialized using 'CodeIgniter\Session\Handlers\FileHandler' driver.
DEBUG - 2025-11-25 12:21:11 --> Session: Class initialized using 'CodeIgniter\Session\Handlers\FileHandler' driver.
DEBUG - 2025-11-25 12:21:11 --> Session: Class initialized using 'CodeIgniter\Session\Handlers\FileHandler' driver.
DEBUG - 2025-11-25 12:21:11 --> Session: Class initialized using 'CodeIgniter\Session\Handlers\FileHandler' driver.
DEBUG - 2025-11-25 12:21:12 --> Session: Class initialized using 'CodeIgniter\Session\Handlers\FileHandler' driver.
DEBUG - 2025-11-25 12:21:12 --> Session: Class initialized using 'CodeIgniter\Session\Handlers\FileHandler' driver.
DEBUG - 2025-11-25 12:21:12 --> Session: Class initialized using 'CodeIgniter\Session\Handlers\FileHandler' driver.
DEBUG - 2025-11-25 12:21:12 --> Session: Class initialized using 'CodeIgniter\Session\Handlers\FileHandler' driver.
DEBUG - 2025-11-25 12:21:13 --> Session: Class initialized using 'CodeIgniter\Session\Handlers\FileHandler' driver.
DEBUG - 2025-11-25 12:21:13 --> Session: Class initialized using 'CodeIgniter\Session\Handlers\FileHandler' driver.
DEBUG - 2025-11-25 12:21:13 --> Session: Class initialized using 'CodeIgniter\Session\Handlers\FileHandler' driver.
DEBUG - 2025-11-25 12:21:13 --> Session: Class initialized using 'CodeIgniter\Session\Handlers\FileHandler' driver.
DEBUG - 2025-11-25 12:21:14 --> Session: Class initialized using 'CodeIgniter\Session\Handlers\FileHandler' driver.
DEBUG - 2025-11-25 12:21:14 --> Session: Class initialized using 'CodeIgniter\Session\Handlers\FileHandler' driver.
DEBUG - 2025-11-25 12:21:14 --> Session: Class initialized using 'CodeIgniter\Session\Handlers\FileHandler' driver.
DEBUG - 2025-11-25 12:21:14 --> Session: Class initialized using 'CodeIgniter\Session\Handlers\FileHandler' driver.
DEBUG - 2025-11-25 12:21:16 --> Session: Class initialized using 'CodeIgniter\Session\Handlers\FileHandler' driver.
DEBUG - 2025-11-25 12:21:16 --> Session: Class initialized using 'CodeIgniter\Session\Handlers\FileHandler' driver.
DEBUG - 2025-11-25 12:21:16 --> Session: Class initialized using 'CodeIgniter\Session\Handlers\FileHandler' driver.
DEBUG - 2025-11-25 12:21:16 --> Session: Class initialized using 'CodeIgniter\Session\Handlers\FileHandler' driver.
DEBUG - 2025-11-25 12:21:17 --> Session: Class initialized using 'CodeIgniter\Session\Handlers\FileHandler' driver.
DEBUG - 2025-11-25 12:21:17 --> Session: Class initialized using 'CodeIgniter\Session\Handlers\FileHandler' driver.
DEBUG - 2025-11-25 12:21:17 --> Session: Class initialized using 'CodeIgniter\Session\Handlers\FileHandler' driver.
DEBUG - 2025-11-25 12:21:17 --> Session: Class initialized using 'CodeIgniter\Session\Handlers\FileHandler' driver.
DEBUG - 2025-11-25 12:21:18 --> Session: Class initialized using 'CodeIgniter\Session\Handlers\FileHandler' driver.
DEBUG - 2025-11-25 12:21:18 --> Session: Class initialized using 'CodeIgniter\Session\Handlers\FileHandler' driver.
DEBUG - 2025-11-25 12:21:18 --> Session: Class initialized using 'CodeIgniter\Session\Handlers\FileHandler' driver.
DEBUG - 2025-11-25 12:21:18 --> Session: Class initialized using 'CodeIgniter\Session\Handlers\FileHandler' driver.
DEBUG - 2025-11-25 12:21:19 --> Session: Class initialized using 'CodeIgniter\Session\Handlers\FileHandler' driver.
DEBUG - 2025-11-25 12:21:19 --> Session: Class initialized using 'CodeIgniter\Session\Handlers\FileHandler' driver.
DEBUG - 2025-11-25 12:21:19 --> Session: Class initialized using 'CodeIgniter\Session\Handlers\FileHandler' driver.
DEBUG - 2025-11-25 12:21:19 --> Session: Class initialized using 'CodeIgniter\Session\Handlers\FileHandler' driver.
DEBUG - 2025-11-25 12:21:20 --> Session: Class initialized using 'CodeIgniter\Session\Handlers\FileHandler' driver.
DEBUG - 2025-11-25 12:21:20 --> Session: Class initialized using 'CodeIgniter\Session\Handlers\FileHandler' driver.
DEBUG - 2025-11-25 12:21:20 --> Session: Class initialized using 'CodeIgniter\Session\Handlers\FileHandler' driver.
DEBUG - 2025-11-25 12:21:20 --> Session: Class initialized using 'CodeIgniter\Session\Handlers\FileHandler' driver.
DEBUG - 2025-11-25 12:21:25 --> Session: Class initialized using 'CodeIgniter\Session\Handlers\FileHandler' driver.
DEBUG - 2025-11-25 12:21:35 --> Session: Class initialized using 'CodeIgniter\Session\Handlers\FileHandler' driver.
DEBUG - 2025-11-25 12:21:38 --> Session: Class initialized using 'CodeIgniter\Session\Handlers\FileHandler' driver.
DEBUG - 2025-11-25 12:21:43 --> Session: Class initialized using 'CodeIgniter\Session\Handlers\FileHandler' driver.
DEBUG - 2025-11-25 12:21:44 --> Session: Class initialized using 'CodeIgniter\Session\Handlers\FileHandler' driver.
INFO - 2025-11-25 12:22:02 --> CSRF token verified.
DEBUG - 2025-11-25 12:22:03 --> Session: Class initialized using 'CodeIgniter\Session\Handlers\FileHandler' driver.
DEBUG - 2025-11-25 12:22:03 --> Session: Class initialized using 'CodeIgniter\Session\Handlers\FileHandler' driver.
DEBUG - 2025-11-25 12:22:29 --> Session: Class initialized using 'CodeIgniter\Session\Handlers\FileHandler' driver.
DEBUG - 2025-11-25 12:22:33 --> Session: Class initialized using 'CodeIgniter\Session\Handlers\FileHandler' driver.
DEBUG - 2025-11-25 12:22:36 --> Session: Class initialized using 'CodeIgniter\Session\Handlers\FileHandler' driver.
DEBUG - 2025-11-25 12:22:40 --> Session: Class initialized using 'CodeIgniter\Session\Handlers\FileHandler' driver.
DEBUG - 2025-11-25 12:22:42 --> Session: Class initialized using 'CodeIgniter\Session\Handlers\FileHandler' driver.
DEBUG - 2025-11-25 12:22:55 --> Session: Class initialized using 'CodeIgniter\Session\Handlers\FileHandler' driver.
DEBUG - 2025-11-25 12:22:57 --> Session: Class initialized using 'CodeIgniter\Session\Handlers\FileHandler' driver.
DEBUG - 2025-11-25 12:23:02 --> Session: Class initialized using 'CodeIgniter\Session\Handlers\FileHandler' driver.
DEBUG - 2025-11-25 12:23:21 --> Session: Class initialized using 'CodeIgniter\Session\Handlers\FileHandler' driver.
DEBUG - 2025-11-25 12:23:27 --> Session: Class initialized using 'CodeIgniter\Session\Handlers\FileHandler' driver.
DEBUG - 2025-11-25 12:23:31 --> Session: Class initialized using 'CodeIgniter\Session\Handlers\FileHandler' driver.
DEBUG - 2025-11-25 12:24:29 --> Session: Class initialized using 'CodeIgniter\Session\Handlers\FileHandler' driver.
